System check identified some issues:

WARNINGS:
?: (staticfiles.W004) The directory 'C:\Users\dell\Desktop\test0\immobilier\static' in the STATICFILES_DIRS setting does not exist.
Traceback (most recent call last):
  File "C:\Users\dell\Desktop\test0\immobilier\manage.py", line 33, in <module>
    main()
    ~~~~^^
  File "C:\Users\dell\Desktop\test0\immobilier\manage.py", line 29, in main
    execute_from_command_line(sys.argv)
    ~~~~~~~~~~~~~~~~~~~~~~~~~^^^^^^^^^^
  File "C:\Users\dell\AppData\Roaming\Python\Python313\site-packages\django\core\management\__init__.py", line 442, in execute_from_command_line
    utility.execute()
    ~~~~~~~~~~~~~~~^^
  File "C:\Users\dell\AppData\Roaming\Python\Python313\site-packages\django\core\management\__init__.py", line 436, in execute
    self.fetch_command(subcommand).run_from_argv(self.argv)
    ~~~~~~~~~~~~~~~~~~~~~~~~~~~~~~~~~~~~~~~~~~~~^^^^^^^^^^^
  File "C:\Users\dell\AppData\Roaming\Python\Python313\site-packages\django\core\management\base.py", line 416, in run_from_argv
    self.execute(*args, **cmd_options)
    ~~~~~~~~~~~~^^^^^^^^^^^^^^^^^^^^^^
  File "C:\Users\dell\AppData\Roaming\Python\Python313\site-packages\django\core\management\base.py", line 460, in execute
    output = self.handle(*args, **options)
  File "C:\Users\dell\AppData\Roaming\Python\Python313\site-packages\django\core\management\base.py", line 107, in wrapper
    res = handle_func(*args, **kwargs)
  File "C:\Users\dell\AppData\Roaming\Python\Python313\site-packages\django\core\management\commands\migrate.py", line 114, in handle
    executor = MigrationExecutor(connection, self.migration_progress_callback)
  File "C:\Users\dell\AppData\Roaming\Python\Python313\site-packages\django\db\migrations\executor.py", line 18, in __init__
    self.loader = MigrationLoader(self.connection)
                  ~~~~~~~~~~~~~~~^^^^^^^^^^^^^^^^^
  File "C:\Users\dell\AppData\Roaming\Python\Python313\site-packages\django\db\migrations\loader.py", line 58, in __init__
    self.build_graph()
    ~~~~~~~~~~~~~~~~^^
  File "C:\Users\dell\AppData\Roaming\Python\Python313\site-packages\django\db\migrations\loader.py", line 276, in build_graph
    self.graph.validate_consistency()
    ~~~~~~~~~~~~~~~~~~~~~~~~~~~~~~~^^
  File "C:\Users\dell\AppData\Roaming\Python\Python313\site-packages\django\db\migrations\graph.py", line 198, in validate_consistency
    [n.raise_error() for n in self.node_map.values() if isinstance(n, DummyNode)]
     ~~~~~~~~~~~~~^^
  File "C:\Users\dell\AppData\Roaming\Python\Python313\site-packages\django\db\migrations\graph.py", line 60, in raise_error
    raise NodeNotFoundError(self.error_message, self.key, origin=self.origin)
django.db.migrations.exceptions.NodeNotFoundError: Migration rental.0008_notification dependencies reference nonexistent parent node ('rental', '0005_add_fields_and_postulation')
